// Jest Snapshot v1, https://goo.gl/fbAQLP

exports[`Testing Filter with redux Filter snapshot testing 1`] = `
Array [
  <label
    htmlFor="React"
  >
    <label
      className=""
      data-baseweb="checkbox"
      onMouseDown={[Function]}
      onMouseEnter={[Function]}
      onMouseLeave={[Function]}
      onMouseUp={[Function]}
      title={null}
    >
      <span
        className=""
      />
      <input
        aria-checked={true}
        aria-invalid={null}
        aria-required={null}
        checked={true}
        className=""
        disabled={false}
        onBlur={[Function]}
        onChange={[Function]}
        onClick={[Function]}
        onFocus={[Function]}
        type="checkbox"
      />
      <div
        className=""
      >
        React
      </div>
    </label>
  </label>,
  <label
    htmlFor="React"
  >
    <label
      className=""
      data-baseweb="checkbox"
      onMouseDown={[Function]}
      onMouseEnter={[Function]}
      onMouseLeave={[Function]}
      onMouseUp={[Function]}
      title={null}
    >
      <span
        className=""
      />
      <input
        aria-checked={true}
        aria-invalid={null}
        aria-required={null}
        checked={true}
        className=""
        disabled={false}
        onBlur={[Function]}
        onChange={[Function]}
        onClick={[Function]}
        onFocus={[Function]}
        type="checkbox"
      />
      <div
        className=""
      >
        Vue
      </div>
    </label>
  </label>,
  <label
    htmlFor="React"
  >
    <label
      className=""
      data-baseweb="checkbox"
      onMouseDown={[Function]}
      onMouseEnter={[Function]}
      onMouseLeave={[Function]}
      onMouseUp={[Function]}
      title={null}
    >
      <span
        className=""
      />
      <input
        aria-checked={true}
        aria-invalid={null}
        aria-required={null}
        checked={true}
        className=""
        disabled={false}
        onBlur={[Function]}
        onChange={[Function]}
        onClick={[Function]}
        onFocus={[Function]}
        type="checkbox"
      />
      <div
        className=""
      >
        Angular
      </div>
    </label>
  </label>,
  <label
    htmlFor="React"
  >
    <label
      className=""
      data-baseweb="checkbox"
      onMouseDown={[Function]}
      onMouseEnter={[Function]}
      onMouseLeave={[Function]}
      onMouseUp={[Function]}
      title={null}
    >
      <span
        className=""
      />
      <input
        aria-checked={true}
        aria-invalid={null}
        aria-required={null}
        checked={true}
        className=""
        disabled={false}
        onBlur={[Function]}
        onChange={[Function]}
        onClick={[Function]}
        onFocus={[Function]}
        type="checkbox"
      />
      <div
        className=""
      >
        Functional Programming
      </div>
    </label>
  </label>,
  <label
    htmlFor="React"
  >
    <label
      className=""
      data-baseweb="checkbox"
      onMouseDown={[Function]}
      onMouseEnter={[Function]}
      onMouseLeave={[Function]}
      onMouseUp={[Function]}
      title={null}
    >
      <span
        className=""
      />
      <input
        aria-checked={true}
        aria-invalid={null}
        aria-required={null}
        checked={true}
        className=""
        disabled={false}
        onBlur={[Function]}
        onChange={[Function]}
        onClick={[Function]}
        onFocus={[Function]}
        type="checkbox"
      />
      <div
        className=""
      >
        Microservices
      </div>
    </label>
  </label>,
  <label
    htmlFor="React"
  >
    <label
      className=""
      data-baseweb="checkbox"
      onMouseDown={[Function]}
      onMouseEnter={[Function]}
      onMouseLeave={[Function]}
      onMouseUp={[Function]}
      title={null}
    >
      <span
        className=""
      />
      <input
        aria-checked={true}
        aria-invalid={null}
        aria-required={null}
        checked={true}
        className=""
        disabled={false}
        onBlur={[Function]}
        onChange={[Function]}
        onClick={[Function]}
        onFocus={[Function]}
        type="checkbox"
      />
      <div
        className=""
      >
        JAM Stack
      </div>
    </label>
  </label>,
  <label
    htmlFor="React"
  >
    <label
      className=""
      data-baseweb="checkbox"
      onMouseDown={[Function]}
      onMouseEnter={[Function]}
      onMouseLeave={[Function]}
      onMouseUp={[Function]}
      title={null}
    >
      <span
        className=""
      />
      <input
        aria-checked={true}
        aria-invalid={null}
        aria-required={null}
        checked={true}
        className=""
        disabled={false}
        onBlur={[Function]}
        onChange={[Function]}
        onClick={[Function]}
        onFocus={[Function]}
        type="checkbox"
      />
      <div
        className=""
      >
        Object Oriented Programming
      </div>
    </label>
  </label>,
]
`;
